// Jest Snapshot v1, https://goo.gl/fbAQLP

exports[`renders learn react link 1`] = `
Object {
  "asFragment": [Function],
  "baseElement": <body>
    <div>
      <header>
        <div
          class="makeStyles-root-2"
        >
          <header
            class="MuiPaper-root MuiAppBar-root MuiAppBar-positionStatic MuiAppBar-colorPrimary MuiPaper-elevation4"
          >
            <div
              class="MuiToolbar-root MuiToolbar-regular MuiToolbar-gutters"
            >
              <button
                aria-label="menu"
                class="MuiButtonBase-root MuiIconButton-root makeStyles-menuButton-3 MuiIconButton-colorInherit MuiIconButton-edgeStart"
                tabindex="0"
                type="button"
              >
                <span
                  class="MuiIconButton-label"
                />
                <span
                  class="MuiTouchRipple-root"
                />
              </button>
              <h6
                class="MuiTypography-root makeStyles-title-4 MuiTypography-h6"
              >
                Centime
              </h6>
            </div>
          </header>
        </div>
      </header>
      <main>
        <section>
          <div
            class="makeStyles-root-90"
          >
            <div
              class="MuiGrid-root MuiGrid-container MuiGrid-spacing-xs-3 MuiGrid-direction-xs-column MuiGrid-align-items-xs-center MuiGrid-justify-xs-center"
            >
              <div
                class="MuiGrid-root MuiGrid-item"
              >
                <div
                  class="MuiPaper-root makeStyles-paper-1 MuiPaper-elevation1 MuiPaper-rounded"
                />
              </div>
              <div
                class="MuiGrid-root MuiGrid-item"
              >
                <button
                  class="MuiButtonBase-root MuiButton-root MuiButton-contained MuiButton-containedPrimary"
                  tabindex="0"
                  type="button"
                >
                  <span
                    class="MuiButton-label"
                  >
                    edit data
                  </span>
                  <span
                    class="MuiTouchRipple-root"
                  />
                </button>
              </div>
            </div>
          </div>
        </section>
        <section>
          <div />
        </section>
      </main>
    </div>
    <script
      src="https://www.gstatic.com/charts/loader.js"
    />
  </body>,
  "container": <div>
    <header>
      <div
        class="makeStyles-root-2"
      >
        <header
          class="MuiPaper-root MuiAppBar-root MuiAppBar-positionStatic MuiAppBar-colorPrimary MuiPaper-elevation4"
        >
          <div
            class="MuiToolbar-root MuiToolbar-regular MuiToolbar-gutters"
          >
            <button
              aria-label="menu"
              class="MuiButtonBase-root MuiIconButton-root makeStyles-menuButton-3 MuiIconButton-colorInherit MuiIconButton-edgeStart"
              tabindex="0"
              type="button"
            >
              <span
                class="MuiIconButton-label"
              />
              <span
                class="MuiTouchRipple-root"
              />
            </button>
            <h6
              class="MuiTypography-root makeStyles-title-4 MuiTypography-h6"
            >
              Centime
            </h6>
          </div>
        </header>
      </div>
    </header>
    <main>
      <section>
        <div
          class="makeStyles-root-90"
        >
          <div
            class="MuiGrid-root MuiGrid-container MuiGrid-spacing-xs-3 MuiGrid-direction-xs-column MuiGrid-align-items-xs-center MuiGrid-justify-xs-center"
          >
            <div
              class="MuiGrid-root MuiGrid-item"
            >
              <div
                class="MuiPaper-root makeStyles-paper-1 MuiPaper-elevation1 MuiPaper-rounded"
              />
            </div>
            <div
              class="MuiGrid-root MuiGrid-item"
            >
              <button
                class="MuiButtonBase-root MuiButton-root MuiButton-contained MuiButton-containedPrimary"
                tabindex="0"
                type="button"
              >
                <span
                  class="MuiButton-label"
                >
                  edit data
                </span>
                <span
                  class="MuiTouchRipple-root"
                />
              </button>
            </div>
          </div>
        </div>
      </section>
      <section>
        <div />
      </section>
    </main>
  </div>,
  "debug": [Function],
  "findAllByAltText": [Function],
  "findAllByDisplayValue": [Function],
  "findAllByLabelText": [Function],
  "findAllByPlaceholderText": [Function],
  "findAllByRole": [Function],
  "findAllByTestId": [Function],
  "findAllByText": [Function],
  "findAllByTitle": [Function],
  "findByAltText": [Function],
  "findByDisplayValue": [Function],
  "findByLabelText": [Function],
  "findByPlaceholderText": [Function],
  "findByRole": [Function],
  "findByTestId": [Function],
  "findByText": [Function],
  "findByTitle": [Function],
  "getAllByAltText": [Function],
  "getAllByDisplayValue": [Function],
  "getAllByLabelText": [Function],
  "getAllByPlaceholderText": [Function],
  "getAllByRole": [Function],
  "getAllByTestId": [Function],
  "getAllByText": [Function],
  "getAllByTitle": [Function],
  "getByAltText": [Function],
  "getByDisplayValue": [Function],
  "getByLabelText": [Function],
  "getByPlaceholderText": [Function],
  "getByRole": [Function],
  "getByTestId": [Function],
  "getByText": [Function],
  "getByTitle": [Function],
  "queryAllByAltText": [Function],
  "queryAllByDisplayValue": [Function],
  "queryAllByLabelText": [Function],
  "queryAllByPlaceholderText": [Function],
  "queryAllByRole": [Function],
  "queryAllByTestId": [Function],
  "queryAllByText": [Function],
  "queryAllByTitle": [Function],
  "queryByAltText": [Function],
  "queryByDisplayValue": [Function],
  "queryByLabelText": [Function],
  "queryByPlaceholderText": [Function],
  "queryByRole": [Function],
  "queryByTestId": [Function],
  "queryByText": [Function],
  "queryByTitle": [Function],
  "rerender": [Function],
  "unmount": [Function],
}
`;
